// Vitest Snapshot v1, https://vitest.dev/guide/snapshot.html

exports[`loader-generator > generateLoader 1`] = `undefined`;
